// Jest Snapshot v1, https://goo.gl/fbAQLP

exports[`EventCard renders correctly 1`] = `
<div
  className="card"
  style={
    Object {
      "backgroundColor": "lightgray",
    }
  }
>
  <div
    className="card-body"
  >
    <div
      className="card-header"
      style={
        Object {
          "color": "#333232",
          "fontSize": "3vh",
        }
      }
    >
      Buffalo Ballers vs Jovian Jabbers
    </div>
    <p
      className="card-text"
      style={
        Object {
          "color": "#404040",
          "fontSize": "2vh",
        }
      }
    >
      Date: 
      1/01/1984
    </p>
    <p
      className="card-text"
      style={
        Object {
          "color": "#404040",
          "fontSize": "2vh",
        }
      }
    >
      City: 
      Jupiter
    </p>
    <p
      className="card-text"
      style={
        Object {
          "color": "#404040",
          "fontSize": "2vh",
        }
      }
    >
      Venue: 
      Europa Gigadome
    </p>
    <p
      className="card-text"
      style={
        Object {
          "color": "#404040",
          "fontSize": "2vh",
        }
      }
    >
      League: 
      NBA
    </p>
  </div>
  <div
    className="card-footer"
    style={
      Object {
        "backgroundColor": "dimgray",
      }
    }
  >
    <a
      class="btn btn-primary stretched-link"
      className="btn btn-primary"
      disabled={false}
      href="/events/999"
      onClick={[Function]}
      onKeyDown={[Function]}
      role="button"
      style={
        Object {
          "backgroundColor": "#3d405b",
          "borderColor": "black",
        }
      }
      tabIndex={0}
    >
      More Info
    </a>
  </div>
</div>
`;
