// Jest Snapshot v1, https://goo.gl/fbAQLP

exports[`EventCard renders correctly 1`] = `
<div
  className="card"
  style={
    Object {
      "backgroundColor": "lightgray",
      "width": "120%",
    }
  }
>
  <div
    className="card-body"
  >
    <div
      className="card-header"
      style={
        Object {
          "color": "#333232",
          "fontSize": "3vh",
        }
      }
    >
      <span>
        <span
          className=""
        >
          Buffalo Ballers vs Jovian Jabbers
        </span>
      </span>
    </div>
    <p
      className="card-text"
      style={
        Object {
          "color": "#404040",
          "fontSize": "2vh",
        }
      }
    >
      Date: 
      <span>
        <span
          className=""
        >
          1/01/1984
        </span>
      </span>
    </p>
    <p
      className="card-text"
      style={
        Object {
          "color": "#404040",
          "fontSize": "2vh",
        }
      }
    >
      Time: 
      <span>
        <span
          className=""
        >
          00:00
        </span>
      </span>
    </p>
    <p
      className="card-text"
      style={
        Object {
          "color": "#404040",
          "fontSize": "2vh",
        }
      }
    >
      City: 
      <span>
        <span
          className=""
        >
          Jupiter
        </span>
      </span>
    </p>
    <p
      className="card-text"
      style={
        Object {
          "color": "#404040",
          "fontSize": "2vh",
        }
      }
    >
      Venue: 
      <span>
        <span
          className=""
        >
          Europa Gigadome
        </span>
      </span>
    </p>
  </div>
  <div
    className="card-footer"
    style={
      Object {
        "backgroundColor": "dimgray",
      }
    }
  >
    <button
      class="btn btn-primary stretched-link"
      className="btn btn-primary"
      disabled={false}
      onClick={[Function]}
      style={
        Object {
          "backgroundColor": "#3d405b",
          "borderColor": "black",
        }
      }
      type="button"
    >
      More Info
    </button>
  </div>
</div>
`;
