// Jest Snapshot v1, https://goo.gl/fbAQLP

exports[`TeamCard renders correctly 1`] = `
<div
  className="card"
  style={
    Object {
      "backgroundColor": "lightgray",
      "minWidth": "100%",
    }
  }
>
  <img
    className="card-img-top"
    src="question.png"
    style={
      Object {
        "height": "20vw",
        "objectFit": "contain",
        "width": "100%",
      }
    }
  />
  <div
    className="card-body"
  >
    <div
      className="card-title h5"
      style={
        Object {
          "color": "#333232",
          "fontSize": "3vh",
        }
      }
    >
      <span>
        <span
          className=""
        >
          Buffalo Ballers
        </span>
      </span>
    </div>
    <p
      className="card-text"
      style={
        Object {
          "color": "#404040",
          "fontSize": "2vh",
        }
      }
    >
      League: 
      <span>
        <span
          className=""
        >
          NBA
        </span>
      </span>
    </p>
    <p
      className="card-text"
      style={
        Object {
          "color": "#404040",
          "fontSize": "2vh",
        }
      }
    >
      City: 
      <span>
        <span
          className=""
        >
          Buffalo
        </span>
      </span>
    </p>
    <p
      className="card-text"
      style={
        Object {
          "color": "#404040",
          "fontSize": "2vh",
        }
      }
    >
      Wins: 
      999
    </p>
    <p
      className="card-text"
      style={
        Object {
          "color": "#404040",
          "fontSize": "2vh",
        }
      }
    >
      Losses: 
      -1
    </p>
  </div>
  <div
    className="card-footer"
    style={
      Object {
        "backgroundColor": "dimgray",
      }
    }
  >
    <button
      class="btn btn-primary stretched-link"
      className="btn btn-primary"
      disabled={false}
      onClick={[Function]}
      style={
        Object {
          "backgroundColor": "#3d405b",
          "borderColor": "black",
        }
      }
      type="button"
    >
      More Info
    </button>
  </div>
</div>
`;
